TAP version 13
# Subtest: dataStore
    # Subtest: readDB()
        # Subtest: should return an object with expected keys
        not ok 1 - should return an object with expected keys
          ---
          duration_ms: 2.9851
          type: 'test'
          location: 'C:\\Users\\yashi\\hackON\\amazon-hackon-1\\tests\\dataStore.test.js:23:5'
          failureType: 'testCodeFailure'
          error: 'readDB is deprecated. Use async database methods instead.'
          code: 'ERR_TEST_FAILURE'
          stack: |-
            Object.readDB (C:\Users\yashi\hackON\amazon-hackon-1\src\services\dataStore.js:21:9)
            TestContext.<anonymous> (C:\Users\yashi\hackON\amazon-hackon-1\tests\dataStore.test.js:24:28)
            Test.runInAsyncScope (node:async_hooks:214:14)
            Test.run (node:internal/test_runner/test:1047:25)
            async Promise.all (index 0)
            async Suite.run (node:internal/test_runner/test:1442:7)
            async Promise.all (index 0)
            async Suite.run (node:internal/test_runner/test:1442:7)
            async startSubtestAfterBootstrap (node:internal/test_runner/harness:296:3)
          ...
        1..1
    not ok 1 - readDB()
      ---
      duration_ms: 5.502
      type: 'suite'
      location: 'C:\\Users\\yashi\\hackON\\amazon-hackon-1\\tests\\dataStore.test.js:22:3'
      failureType: 'subtestsFailed'
      error: '1 subtest failed'
      code: 'ERR_TEST_FAILURE'
      stack: |-
        async Promise.all (index 0)
      ...
    # Subtest: writeDB()
        # Subtest: should persist data that can be read back
        not ok 1 - should persist data that can be read back
          ---
          duration_ms: 2.0295
          type: 'test'
          location: 'C:\\Users\\yashi\\hackON\\amazon-hackon-1\\tests\\dataStore.test.js:35:5'
          failureType: 'testCodeFailure'
          error: 'readDB is deprecated. Use async database methods instead.'
          code: 'ERR_TEST_FAILURE'
          stack: |-
            Object.readDB (C:\Users\yashi\hackON\amazon-hackon-1\src\services\dataStore.js:21:9)
            TestContext.<anonymous> (C:\Users\yashi\hackON\amazon-hackon-1\tests\dataStore.test.js:36:28)
            Test.runInAsyncScope (node:async_hooks:214:14)
            Test.run (node:internal/test_runner/test:1047:25)
            async Promise.all (index 0)
            async Suite.run (node:internal/test_runner/test:1442:7)
            async Suite.processPendingSubtests (node:internal/test_runner/test:744:7)
          ...
        1..1
    not ok 2 - writeDB()
      ---
      duration_ms: 2.2834
      type: 'suite'
      location: 'C:\\Users\\yashi\\hackON\\amazon-hackon-1\\tests\\dataStore.test.js:34:3'
      failureType: 'subtestsFailed'
      error: '1 subtest failed'
      code: 'ERR_TEST_FAILURE'
      ...
    # Subtest: getUserById()
        # Subtest: should return the user when ID exists
        not ok 1 - should return the user when ID exists
          ---
          duration_ms: 6.1215
          type: 'test'
          location: 'C:\\Users\\yashi\\hackON\\amazon-hackon-1\\tests\\dataStore.test.js:46:5'
          failureType: 'testCodeFailure'
          error: |-
            Expected values to be strictly equal:
            + actual - expected
            
            + undefined
            - 'user_001'
            
          code: 'ERR_ASSERTION'
          name: 'AssertionError'
          expected: 'user_001'
          operator: 'strictEqual'
          stack: |-
            TestContext.<anonymous> (C:\Users\yashi\hackON\amazon-hackon-1\tests\dataStore.test.js:49:14)
            Test.runInAsyncScope (node:async_hooks:214:14)
            Test.run (node:internal/test_runner/test:1047:25)
            async Promise.all (index 0)
            async Suite.run (node:internal/test_runner/test:1442:7)
            async Suite.processPendingSubtests (node:internal/test_runner/test:744:7)
          ...
        # Subtest: should return null when ID does not exist
        not ok 2 - should return null when ID does not exist
          ---
          duration_ms: 3.7011
          type: 'test'
          location: 'C:\\Users\\yashi\\hackON\\amazon-hackon-1\\tests\\dataStore.test.js:53:5'
          failureType: 'testCodeFailure'
          error: |-
            Expected values to be strictly equal:
            + actual - expected
            
            + Promise {
            +   <pending>,
            +   [Symbol(async_id_symbol)]: 400,
            +   [Symbol(trigger_async_id_symbol)]: 34
            + }
            - null
            
          code: 'ERR_TEST_FAILURE'
          ...
        1..2
    not ok 3 - getUserById()
      ---
      duration_ms: 10.2806
      type: 'suite'
      location: 'C:\\Users\\yashi\\hackON\\amazon-hackon-1\\tests\\dataStore.test.js:45:3'
      failureType: 'subtestsFailed'
      error: '2 subtests failed'
      code: 'ERR_TEST_FAILURE'
      ...
    # Subtest: getProductById()
        # Subtest: should return the product when ID exists
        not ok 1 - should return the product when ID exists
          ---
          duration_ms: 2.6869
          type: 'test'
          location: 'C:\\Users\\yashi\\hackON\\amazon-hackon-1\\tests\\dataStore.test.js:60:5'
          failureType: 'testCodeFailure'
          error: |-
            Expected values to be strictly equal:
            + actual - expected
            
            + undefined
            - 'prod_001'
            
          code: 'ERR_ASSERTION'
          name: 'AssertionError'
          expected: 'prod_001'
          operator: 'strictEqual'
          stack: |-
            TestContext.<anonymous> (C:\Users\yashi\hackON\amazon-hackon-1\tests\dataStore.test.js:63:14)
            Test.runInAsyncScope (node:async_hooks:214:14)
            Test.run (node:internal/test_runner/test:1047:25)
            async Promise.all (index 0)
            async Suite.run (node:internal/test_runner/test:1442:7)
            async Suite.processPendingSubtests (node:internal/test_runner/test:744:7)
          ...
        # Subtest: should return null when ID does not exist
        not ok 2 - should return null when ID does not exist
          ---
          duration_ms: 3.3666
          type: 'test'
          location: 'C:\\Users\\yashi\\hackON\\amazon-hackon-1\\tests\\dataStore.test.js:67:5'
          failureType: 'testCodeFailure'
          error: |-
            Expected values to be strictly equal:
            + actual - expected
            
            + Promise {
            +   <pending>,
            +   [Symbol(async_id_symbol)]: 532,
            +   [Symbol(trigger_async_id_symbol)]: 43
            + }
            - null
            
          code: 'ERR_TEST_FAILURE'
          ...
        1..2
    not ok 4 - getProductById()
      ---
      duration_ms: 6.664
      type: 'suite'
      location: 'C:\\Users\\yashi\\hackON\\amazon-hackon-1\\tests\\dataStore.test.js:59:3'
      failureType: 'subtestsFailed'
      error: '2 subtests failed'
      code: 'ERR_TEST_FAILURE'
      ...
    # Subtest: getSecondLifeItems()
        # Subtest: should return only items with inventory_owner = "amazon"
        not ok 1 - should return only items with inventory_owner = "amazon"
          ---
          duration_ms: 11.1045
          type: 'test'
          location: 'C:\\Users\\yashi\\hackON\\amazon-hackon-1\\tests\\dataStore.test.js:74:5'
          failureType: 'testCodeFailure'
          error: |-
            The expression evaluated to a falsy value:
            
              assert.ok(Array.isArray(items))
            
          code: 'ERR_ASSERTION'
          name: 'AssertionError'
          expected: true
          actual: false
          operator: '=='
          stack: |-
            TestContext.<anonymous> (C:\Users\yashi\hackON\amazon-hackon-1\tests\dataStore.test.js:76:14)
            Test.runInAsyncScope (node:async_hooks:214:14)
            Test.run (node:internal/test_runner/test:1047:25)
            async Promise.all (index 0)
            async Suite.run (node:internal/test_runner/test:1442:7)
            async Suite.processPendingSubtests (node:internal/test_runner/test:744:7)
          ...
        1..1
    not ok 5 - getSecondLifeItems()
      ---
      duration_ms: 11.372
      type: 'suite'
      location: 'C:\\Users\\yashi\\hackON\\amazon-hackon-1\\tests\\dataStore.test.js:73:3'
      failureType: 'subtestsFailed'
      error: '1 subtest failed'
      code: 'ERR_TEST_FAILURE'
      ...
    # Subtest: getOrdersByUserId()
        # Subtest: should return orders for the given user within last 30 days
        not ok 1 - should return orders for the given user within last 30 days
          ---
          duration_ms: 3.3002
          type: 'test'
          location: 'C:\\Users\\yashi\\hackON\\amazon-hackon-1\\tests\\dataStore.test.js:85:5'
          failureType: 'testCodeFailure'
          error: |-
            The expression evaluated to a falsy value:
            
              assert.ok(Array.isArray(orders))
            
          code: 'ERR_ASSERTION'
          name: 'AssertionError'
          expected: true
          actual: false
          operator: '=='
          stack: |-
            TestContext.<anonymous> (C:\Users\yashi\hackON\amazon-hackon-1\tests\dataStore.test.js:87:14)
            Test.runInAsyncScope (node:async_hooks:214:14)
            Test.run (node:internal/test_runner/test:1047:25)
            async Promise.all (index 0)
            async Suite.run (node:internal/test_runner/test:1442:7)
            async Suite.processPendingSubtests (node:internal/test_runner/test:744:7)
          ...
        # Subtest: should return empty array for user with no recent orders
        not ok 2 - should return empty array for user with no recent orders
          ---
          duration_ms: 1.9456
          type: 'test'
          location: 'C:\\Users\\yashi\\hackON\\amazon-hackon-1\\tests\\dataStore.test.js:96:5'
          failureType: 'testCodeFailure'
          error: |-
            The expression evaluated to a falsy value:
            
              assert.ok(Array.isArray(orders))
            
          code: 'ERR_ASSERTION'
          name: 'AssertionError'
          expected: true
          actual: false
          operator: '=='
          stack: |-
            TestContext.<anonymous> (C:\Users\yashi\hackON\amazon-hackon-1\tests\dataStore.test.js:98:14)
            Test.runInAsyncScope (node:async_hooks:214:14)
            Test.run (node:internal/test_runner/test:1047:25)
            async Suite.processPendingSubtests (node:internal/test_runner/test:744:7)
          ...
        1..2
    not ok 6 - getOrdersByUserId()
      ---
      duration_ms: 5.5565
      type: 'suite'
      location: 'C:\\Users\\yashi\\hackON\\amazon-hackon-1\\tests\\dataStore.test.js:84:3'
      failureType: 'subtestsFailed'
      error: '2 subtests failed'
      code: 'ERR_TEST_FAILURE'
      ...
    # Subtest: updateUserCredits()
        # Subtest: should add amount to user green_credits and persist
        not ok 1 - should add amount to user green_credits and persist
          ---
          duration_ms: 2.049
          type: 'test'
          location: 'C:\\Users\\yashi\\hackON\\amazon-hackon-1\\tests\\dataStore.test.js:104:5'
          failureType: 'testCodeFailure'
          error: |-
            Expected values to be strictly equal:
            
            undefined !== NaN
            
          code: 'ERR_ASSERTION'
          name: 'AssertionError'
          expected: NaN
          operator: 'strictEqual'
          stack: |-
            TestContext.<anonymous> (C:\Users\yashi\hackON\amazon-hackon-1\tests\dataStore.test.js:109:14)
            Test.runInAsyncScope (node:async_hooks:214:14)
            Test.run (node:internal/test_runner/test:1047:25)
            async Promise.all (index 0)
            async Suite.run (node:internal/test_runner/test:1442:7)
            async Suite.processPendingSubtests (node:internal/test_runner/test:744:7)
          ...
        # Subtest: should return null for non-existent user
        not ok 2 - should return null for non-existent user
          ---
          duration_ms: 2.4059
          type: 'test'
          location: 'C:\\Users\\yashi\\hackON\\amazon-hackon-1\\tests\\dataStore.test.js:116:5'
          failureType: 'testCodeFailure'
          error: |-
            Expected values to be strictly equal:
            + actual - expected
            
            + Promise {
            +   <pending>,
            +   [Symbol(async_id_symbol)]: 876,
            +   [Symbol(trigger_async_id_symbol)]: 68
            + }
            - null
            
          code: 'ERR_TEST_FAILURE'
          ...
        1..2
    not ok 7 - updateUserCredits()
      ---
      duration_ms: 4.6812
      type: 'suite'
      location: 'C:\\Users\\yashi\\hackON\\amazon-hackon-1\\tests\\dataStore.test.js:103:3'
      failureType: 'subtestsFailed'
      error: '2 subtests failed'
      code: 'ERR_TEST_FAILURE'
      ...
    # Subtest: markItemAsAmazonOwned()
        # Subtest: should set inventory_owner to "amazon" and persist
        not ok 1 - should set inventory_owner to "amazon" and persist
          ---
          duration_ms: 1.9049
          type: 'test'
          location: 'C:\\Users\\yashi\\hackON\\amazon-hackon-1\\tests\\dataStore.test.js:123:5'
          failureType: 'testCodeFailure'
          error: |-
            Expected values to be strictly equal:
            + actual - expected
            
            + undefined
            - 'amazon'
            
          code: 'ERR_ASSERTION'
          name: 'AssertionError'
          expected: 'amazon'
          operator: 'strictEqual'
          stack: |-
            TestContext.<anonymous> (C:\Users\yashi\hackON\amazon-hackon-1\tests\dataStore.test.js:127:14)
            Test.runInAsyncScope (node:async_hooks:214:14)
            Test.run (node:internal/test_runner/test:1047:25)
            async Promise.all (index 0)
            async Suite.run (node:internal/test_runner/test:1442:7)
            async Suite.processPendingSubtests (node:internal/test_runner/test:744:7)
          ...
        # Subtest: should return null for non-existent product
        not ok 2 - should return null for non-existent product
          ---
          duration_ms: 1.6085
          type: 'test'
          location: 'C:\\Users\\yashi\\hackON\\amazon-hackon-1\\tests\\dataStore.test.js:134:5'
          failureType: 'testCodeFailure'
          error: |-
            Expected values to be strictly equal:
            + actual - expected
            
            + Promise {
            +   <pending>,
            +   [Symbol(async_id_symbol)]: 1008,
            +   [Symbol(trigger_async_id_symbol)]: 77
            + }
            - null
            
          code: 'ERR_TEST_FAILURE'
          ...
        1..2
    not ok 8 - markItemAsAmazonOwned()
      ---
      duration_ms: 3.678
      type: 'suite'
      location: 'C:\\Users\\yashi\\hackON\\amazon-hackon-1\\tests\\dataStore.test.js:122:3'
      failureType: 'subtestsFailed'
      error: '2 subtests failed'
      code: 'ERR_TEST_FAILURE'
      ...
    1..8
not ok 1 - dataStore
  ---
  duration_ms: 52.5779
  type: 'suite'
  location: 'C:\\Users\\yashi\\hackON\\amazon-hackon-1\\tests\\dataStore.test.js:21:1'
  failureType: 'subtestsFailed'
  error: '8 subtests failed'
  code: 'ERR_TEST_FAILURE'
  ...
# Subtest: demandPredictor
    # Subtest: getDemandScore()
        # Subtest: should return high classification when score >= 60
        ok 1 - should return high classification when score >= 60
          ---
          duration_ms: 1.8509
          type: 'test'
          ...
        # Subtest: should return high classification at exactly 60
        ok 2 - should return high classification at exactly 60
          ---
          duration_ms: 0.2703
          type: 'test'
          ...
        # Subtest: should return low classification when score < 60
        ok 3 - should return low classification when score < 60
          ---
          duration_ms: 0.2241
          type: 'test'
          ...
        # Subtest: should return low classification at exactly 59
        ok 4 - should return low classification at exactly 59
          ---
          duration_ms: 0.2499
          type: 'test'
          ...
        # Subtest: should default to score 0 and low when no matching entry exists
        ok 5 - should default to score 0 and low when no matching entry exists
          ---
          duration_ms: 0.6454
          type: 'test'
          ...
        # Subtest: should default to score 0 and low for unknown category
        ok 6 - should default to score 0 and low for unknown category
          ---
          duration_ms: 0.3731
          type: 'test'
          ...
        # Subtest: should default to score 0 and low when demandData is empty
        ok 7 - should default to score 0 and low when demandData is empty
          ---
          duration_ms: 0.5169
          type: 'test'
          ...
        # Subtest: should match both category AND region (not just one)
        ok 8 - should match both category AND region (not just one)
          ---
          duration_ms: 0.3711
          type: 'test'
          ...
        1..8
    ok 1 - getDemandScore()
      ---
      duration_ms: 8.2615
      type: 'suite'
      ...
    1..1
ok 2 - demandPredictor
  ---
  duration_ms: 10.044
  type: 'suite'
  ...
# Subtest: gradeItem
    # Subtest: returns grade A, B, or C for valid inputs
    ok 1 - returns grade A, B, or C for valid inputs
      ---
      duration_ms: 1.7147
      type: 'test'
      ...
    # Subtest: returns deterministic results for the same inputs
    ok 2 - returns deterministic results for the same inputs
      ---
      duration_ms: 0.3377
      type: 'test'
      ...
    # Subtest: returns correct explanation for grade A
    ok 3 - returns correct explanation for grade A
      ---
      duration_ms: 1.9643
      type: 'test'
      ...
    # Subtest: returns correct explanation for grade B
    ok 4 - returns correct explanation for grade B
      ---
      duration_ms: 0.4231
      type: 'test'
      ...
    # Subtest: returns correct explanation for grade C
    ok 5 - returns correct explanation for grade C
      ---
      duration_ms: 0.3796
      type: 'test'
      ...
    # Subtest: works with video file type
    ok 6 - works with video file type
      ---
      duration_ms: 0.5499
      type: 'test'
      ...
    # Subtest: explanation never exceeds 200 characters
    ok 7 - explanation never exceeds 200 characters
      ---
      duration_ms: 0.3948
      type: 'test'
      ...
    1..7
ok 3 - gradeItem
  ---
  duration_ms: 8.5009
  type: 'suite'
  ...
# Subtest: validateUpload
    # Subtest: accepts JPEG format
    ok 1 - accepts JPEG format
      ---
      duration_ms: 1.4485
      type: 'test'
      ...
    # Subtest: accepts PNG format
    ok 2 - accepts PNG format
      ---
      duration_ms: 0.3164
      type: 'test'
      ...
    # Subtest: accepts MP4 format
    ok 3 - accepts MP4 format
      ---
      duration_ms: 0.4104
      type: 'test'
      ...
    # Subtest: accepts format case-insensitively
    ok 4 - accepts format case-insensitively
      ---
      duration_ms: 0.1804
      type: 'test'
      ...
    # Subtest: rejects unsupported format
    ok 5 - rejects unsupported format
      ---
      duration_ms: 0.1504
      type: 'test'
      ...
    # Subtest: rejects empty format
    ok 6 - rejects empty format
      ---
      duration_ms: 0.1054
      type: 'test'
      ...
    # Subtest: rejects image exceeding 10MB
    ok 7 - rejects image exceeding 10MB
      ---
      duration_ms: 0.0959
      type: 'test'
      ...
    # Subtest: accepts image at exactly 10MB
    ok 8 - accepts image at exactly 10MB
      ---
      duration_ms: 0.0907
      type: 'test'
      ...
    # Subtest: rejects video exceeding 50MB
    ok 9 - rejects video exceeding 50MB
      ---
      duration_ms: 0.0804
      type: 'test'
      ...
    # Subtest: accepts video at exactly 50MB
    ok 10 - accepts video at exactly 50MB
      ---
      duration_ms: 0.0748
      type: 'test'
      ...
    # Subtest: rejects image count exceeding 10
    ok 11 - rejects image count exceeding 10
      ---
      duration_ms: 0.0741
      type: 'test'
      ...
    # Subtest: accepts exactly 10 images
    ok 12 - accepts exactly 10 images
      ---
      duration_ms: 0.1782
      type: 'test'
      ...
    # Subtest: rejects BMP format
    ok 13 - rejects BMP format
      ---
      duration_ms: 0.09
      type: 'test'
      ...
    # Subtest: rejects TIFF format
    ok 14 - rejects TIFF format
      ---
      duration_ms: 0.0713
      type: 'test'
      ...
    1..14
ok 4 - validateUpload
  ---
  duration_ms: 4.1173
  type: 'suite'
  ...
# Subtest: Pricing Engine - calculateResalePrice
    # Subtest: Grade A (15% markdown)
        # Subtest: should apply 15% markdown for Grade A
        ok 1 - should apply 15% markdown for Grade A
          ---
          duration_ms: 2.4084
          type: 'test'
          ...
        # Subtest: should round correctly for Grade A with odd price
        ok 2 - should round correctly for Grade A with odd price
          ---
          duration_ms: 1.9762
          type: 'test'
          ...
        1..2
    ok 1 - Grade A (15% markdown)
      ---
      duration_ms: 5.9579
      type: 'suite'
      ...
    # Subtest: Grade B (30% markdown)
        # Subtest: should apply 30% markdown for Grade B
        ok 1 - should apply 30% markdown for Grade B
          ---
          duration_ms: 0.6398
          type: 'test'
          ...
        # Subtest: should round correctly for Grade B with odd price
        ok 2 - should round correctly for Grade B with odd price
          ---
          duration_ms: 0.3539
          type: 'test'
          ...
        1..2
    ok 2 - Grade B (30% markdown)
      ---
      duration_ms: 1.3985
      type: 'suite'
      ...
    # Subtest: Grade C (50% markdown)
        # Subtest: should apply 50% markdown for Grade C
        ok 1 - should apply 50% markdown for Grade C
          ---
          duration_ms: 0.7132
          type: 'test'
          ...
        # Subtest: should round correctly for Grade C with odd price
        ok 2 - should round correctly for Grade C with odd price
          ---
          duration_ms: 0.3483
          type: 'test'
          ...
        1..2
    ok 3 - Grade C (50% markdown)
      ---
      duration_ms: 1.8104
      type: 'suite'
      ...
    # Subtest: Error cases
        # Subtest: should throw for price of 0
        ok 1 - should throw for price of 0
          ---
          duration_ms: 1.0994
          type: 'test'
          ...
        # Subtest: should throw for negative price
        ok 2 - should throw for negative price
          ---
          duration_ms: 0.3361
          type: 'test'
          ...
        # Subtest: should throw for null price
        ok 3 - should throw for null price
          ---
          duration_ms: 0.5424
          type: 'test'
          ...
        # Subtest: should throw for undefined price
        ok 4 - should throw for undefined price
          ---
          duration_ms: 0.6599
          type: 'test'
          ...
        # Subtest: should throw for NaN price
        ok 5 - should throw for NaN price
          ---
          duration_ms: 0.3874
          type: 'test'
          ...
        # Subtest: should throw for string price
        ok 6 - should throw for string price
          ---
          duration_ms: 0.296
          type: 'test'
          ...
        # Subtest: should throw for unrecognized grade
        ok 7 - should throw for unrecognized grade
          ---
          duration_ms: 0.3022
          type: 'test'
          ...
        # Subtest: should throw for lowercase grade
        ok 8 - should throw for lowercase grade
          ---
          duration_ms: 0.2734
          type: 'test'
          ...
        # Subtest: should throw for empty string grade
        ok 9 - should throw for empty string grade
          ---
          duration_ms: 0.4407
          type: 'test'
          ...
        # Subtest: should throw for null grade
        ok 10 - should throw for null grade
          ---
          duration_ms: 0.3726
          type: 'test'
          ...
        1..10
    ok 4 - Error cases
      ---
      duration_ms: 5.7701
      type: 'suite'
      ...
    1..4
ok 5 - Pricing Engine - calculateResalePrice
  ---
  duration_ms: 18.0252
  type: 'suite'
  ...
# Subtest: returnRouter
    # Subtest: routeReturn()
        # Subtest: should return standard_return with low_trust_score rule when trustScore < 50
        ok 1 - should return standard_return with low_trust_score rule when trustScore < 50
          ---
          duration_ms: 1.7412
          type: 'test'
          ...
        # Subtest: should short-circuit on low trust even if shipping ratio is high
        ok 2 - should short-circuit on low trust even if shipping ratio is high
          ---
          duration_ms: 0.4254
          type: 'test'
          ...
        # Subtest: should short-circuit at trustScore = 49
        ok 3 - should short-circuit at trustScore = 49
          ---
          duration_ms: 1.6991
          type: 'test'
          ...
        # Subtest: should return green_credit when shipping ratio > 0.40 and trust >= 50
        ok 4 - should return green_credit when shipping ratio > 0.40 and trust >= 50
          ---
          duration_ms: 0.4201
          type: 'test'
          ...
        # Subtest: should not trigger green_credit at exactly 0.40 ratio
        ok 5 - should not trigger green_credit at exactly 0.40 ratio
          ---
          duration_ms: 0.2311
          type: 'test'
          ...
        # Subtest: should calculate offer as Math.round(productPrice * 0.50)
        ok 6 - should calculate offer as Math.round(productPrice * 0.50)
          ---
          duration_ms: 0.1626
          type: 'test'
          ...
        # Subtest: should return p2p_resale when demand is high, trust >= 50, and ratio <= 0.40
        ok 7 - should return p2p_resale when demand is high, trust >= 50, and ratio <= 0.40
          ---
          duration_ms: 0.3109
          type: 'test'
          ...
        # Subtest: should return standard_return with low_demand rule as fallback
        ok 8 - should return standard_return with low_demand rule as fallback
          ---
          duration_ms: 0.1899
          type: 'test'
          ...
        # Subtest: should compute shippingRatio rounded to 2 decimal places
        ok 9 - should compute shippingRatio rounded to 2 decimal places
          ---
          duration_ms: 0.3974
          type: 'test'
          ...
        # Subtest: should always include decision, rule, trustScore, shippingRatio, and offerAmount
        ok 10 - should always include decision, rule, trustScore, shippingRatio, and offerAmount
          ---
          duration_ms: 0.4963
          type: 'test'
          ...
        # Subtest: should NOT short-circuit at trustScore = 50
        ok 11 - should NOT short-circuit at trustScore = 50
          ---
          duration_ms: 0.1783
          type: 'test'
          ...
        1..11
    ok 1 - routeReturn()
      ---
      duration_ms: 8.3054
      type: 'suite'
      ...
    1..1
ok 6 - returnRouter
  ---
  duration_ms: 9.1888
  type: 'suite'
  ...
1..6
# tests 69
# suites 20
# pass 56
# fail 13
# cancelled 0
# skipped 0
# todo 0
# duration_ms 237.7838
